
==25423== LEAK SUMMARY:
==25423==    definitely lost: 7,634,069 bytes in 240,228 blocks
==25423==    indirectly lost: 60,705,037 bytes in 1,709,718 blocks
==25423==      possibly lost: 24,206 bytes in 480 blocks
==25423==    still reachable: 6,834 bytes in 206 blocks
==25423==         suppressed: 0 bytes in 0 blocks
==25423==
==25423== ERROR SUMMARY: 525 errors from 525 contexts (suppressed: 0 from 0)


==9808== LEAK SUMMARY:
==9808==    definitely lost: 9,015,512 bytes in 236,940 blocks
==9808==    indirectly lost: 58,999,434 bytes in 1,551,361 blocks
==9808==      possibly lost: 29,812 bytes in 779 blocks
==9808==    still reachable: 13,457 bytes in 337 blocks
==9808==         suppressed: 0 bytes in 0 blocks
==9808== Reachable blocks (those to which a pointer was found) are not shown.
==9808== To see them, rerun with: --leak-check=full --show-leak-kinds=all
==9808==
==9808== ERROR SUMMARY: 339 errors from 339 contexts (suppressed: 0 from 0)

==22001== LEAK SUMMARY:
==22001==    definitely lost: 9,015,664 bytes in 236,933 blocks
==22001==    indirectly lost: 59,018,233 bytes in 1,551,836 blocks
==22001==      possibly lost: 13,041 bytes in 349 blocks
==22001==    still reachable: 3,628 bytes in 96 blocks
==22001==         suppressed: 0 bytes in 0 blocks
==22001== Reachable blocks (those to which a pointer was found) are not shown.
==22001== To see them, rerun with: --leak-check=full --show-leak-kinds=all
==22001==
==22001== ERROR SUMMARY: 205 errors from 205 contexts (suppressed: 0 from 0)

==13649== LEAK SUMMARY:
==13649==    definitely lost: 9,270,760 bytes in 248,217 blocks
==13649==    indirectly lost: 57,998,686 bytes in 1,527,340 blocks
==13649==      possibly lost: 13,869 bytes in 376 blocks
==13649==    still reachable: 4,375 bytes in 118 blocks
==13649==         suppressed: 0 bytes in 0 blocks
==13649== Reachable blocks (those to which a pointer was found) are not shown.
==13649== To see them, rerun with: --leak-check=full --show-leak-kinds=all
==13649==
==13649== ERROR SUMMARY: 281 errors from 281 contexts (suppressed: 0 from 0)